ASxxxx Linker V03.00 + NoICE + sdld,  page 1.
Hexadecimal  [32-Bits]

Area                                    Addr        Size        Decimal Bytes (Attributes)
--------------------------------        ----        ----        ------- ----- ------------
CABS                                00000000    00000000 =           0. bytes (ABS,CON,CODE)

      Value  Global                              Global Defined In Module
      -----  --------------------------------   ------------------------
C:   00000000  l_CABS                          
C:   00000000  l_GSINIT1                       
C:   00000000  l_GSINIT5                       
C:   00000000  l_IABS                          
C:   00000000  l_ISEG                          
C:   00000000  l_PSEG                          
C:   00000000  l_REG_BANK_1                    
C:   00000000  l_REG_BANK_2                    
C:   00000000  l_REG_BANK_3                    
C:   00000000  l_RSEG                          
C:   00000000  l_RSEG0                         
C:   00000000  l_RSEG1                         
C:   00000000  l_XABS                          
C:   00000000  l_XINIT                         
C:   00000000  l_XISEG                         
C:   00000000  l_XSEG                          
C:   00000000  l__CODE                         
C:   00000000  s_BSEG                          
C:   00000000  s_CABS                          
C:   00000000  s_DSEG                          
C:   00000000  s_HOME                          
C:   00000000  s_IABS                          
C:   00000000  s_ISEG                          
C:   00000000  s_REG_BANK_0                    
C:   00000000  s_RSEG                          
C:   00000000  s_RSEG0                         
C:   00000000  s_RSEG1                         
C:   00000000  s_XABS                          
C:   00000001  l_BIT_BANK                      
C:   00000001  l_OSEG                          
C:   00000001  s_PSEG                          
C:   00000001  s_XISEG                         
C:   00000001  s_XSEG                          
C:   00000002  l_BSEG_BYTES                    
C:   00000003  l_GSFINAL                       
C:   00000003  l_GSINIT0                       
C:   00000008  l_REG_BANK_0                    
C:   00000008  s_REG_BANK_1                    
C:   0000000A  l_GSINIT2                       
C:   00000010  l_BSEG                          
C:   00000010  s_REG_BANK_2                    
C:   00000017  l_GSINIT                        
C:   00000018  s_REG_BANK_3                    
C:   0000001C  s_OSEG                          
C:   00000020  s_BSEG_BYTES                    
C:   00000020  s__CODE                         
C:   00000022  l_GSINIT3                       
C:   00000022  s_BIT_BANK                      
C:   00000023  s_SSEG                          
C:   0000002A  l_GSINIT4                       
ASxxxx Linker V03.00 + NoICE + sdld,  page 2.
Hexadecimal  [32-Bits]

Area                                    Addr        Size        Decimal Bytes (Attributes)
--------------------------------        ----        ----        ------- ----- ------------
CABS                                00000000    00000000 =           0. bytes (ABS,CON,CODE)

      Value  Global                              Global Defined In Module
      -----  --------------------------------   ------------------------
C:   0000007D  l_DSEG                          
C:   00000089  l_HOME                          
C:   00000089  s_GSINIT0                       
C:   0000008C  s_GSINIT1                       
C:   0000008C  s_GSINIT2                       
C:   00000096  s_GSINIT3                       
C:   000000B8  s_GSINIT4                       
C:   000000DD  l_SSEG                          
C:   000000E2  s_GSINIT                        
C:   000000E2  s_GSINIT5                       
C:   000000F9  s_GSFINAL                       
C:   000000FC  s_CSEG                          
C:   00000100  l_IRAM                          
C:   00000407  l_CONST                         
C:   00000F42  l_CSEG                          
C:   0000103E  s_CONST                         
C:   00001445  s_XINIT                         

ASxxxx Linker V03.00 + NoICE + sdld,  page 3.
Hexadecimal  [32-Bits]

Area                                    Addr        Size        Decimal Bytes (Attributes)
--------------------------------        ----        ----        ------- ----- ------------
.  .ABS.                            00000000    00000000 =           0. bytes (ABS,CON)

      Value  Global                              Global Defined In Module
      -----  --------------------------------   ------------------------
     00000000  .__.ABS.                           _startup
     00000080  G$P0$0$0                           trabalho
     00000080  G$P0_0$0$0                         trabalho
     00000080  _P0                                trabalho
     00000080  _P0_0                              trabalho
     00000081  G$P0_1$0$0                         trabalho
     00000081  G$SP$0$0                           trabalho
     00000081  _P0_1                              trabalho
     00000081  _SP                                trabalho
     00000082  G$DPL$0$0                          trabalho
     00000082  G$P0_2$0$0                         trabalho
     00000082  _DPL                               trabalho
     00000082  _P0_2                              trabalho
     00000083  G$DPH$0$0                          trabalho
     00000083  G$P0_3$0$0                         trabalho
     00000083  _DPH                               trabalho
     00000083  _P0_3                              trabalho
     00000084  G$P0_4$0$0                         trabalho
     00000084  G$SFRPAGE$0$0                      trabalho
     00000084  _P0_4                              trabalho
     00000084  _SFRPAGE                           trabalho
     00000085  G$P0_5$0$0                         trabalho
     00000085  G$SFRNEXT$0$0                      trabalho
     00000085  _P0_5                              trabalho
     00000085  _SFRNEXT                           trabalho
     00000086  G$P0_6$0$0                         trabalho
     00000086  G$SFRLAST$0$0                      trabalho
     00000086  _P0_6                              trabalho
     00000086  _SFRLAST                           trabalho
     00000087  G$P0_7$0$0                         trabalho
     00000087  G$PCON$0$0                         trabalho
     00000087  _P0_7                              trabalho
     00000087  _PCON                              trabalho
     00000088  G$CP0HYN0$0$0                      trabalho
     00000088  G$CP1HYN0$0$0                      trabalho
     00000088  G$CP2HYN0$0$0                      trabalho
     00000088  G$CPT0CN$0$0                       trabalho
     00000088  G$CPT1CN$0$0                       trabalho
     00000088  G$CPT2CN$0$0                       trabalho
     00000088  G$IT0$0$0                          trabalho
     00000088  G$TCON$0$0                         trabalho
     00000088  _CP0HYN0                           trabalho
     00000088  _CP1HYN0                           trabalho
     00000088  _CP2HYN0                           trabalho
     00000088  _CPT0CN                            trabalho
     00000088  _CPT1CN                            trabalho
     00000088  _CPT2CN                            trabalho
     00000088  _IT0                               trabalho
     00000088  _TCON                              trabalho
     00000089  G$CP0HYN1$0$0                      trabalho
ASxxxx Linker V03.00 + NoICE + sdld,  page 4.
Hexadecimal  [32-Bits]

Area                                    Addr        Size        Decimal Bytes (Attributes)
--------------------------------        ----        ----        ------- ----- ------------
.  .ABS.                            00000000    00000000 =           0. bytes (ABS,CON)

      Value  Global                              Global Defined In Module
      -----  --------------------------------   ------------------------
     00000089  G$CP1HYN1$0$0                      trabalho
     00000089  G$CP2HYN1$0$0                      trabalho
     00000089  G$CPT0MD$0$0                       trabalho
     00000089  G$CPT1MD$0$0                       trabalho
     00000089  G$CPT2MD$0$0                       trabalho
     00000089  G$IE0$0$0                          trabalho
     00000089  G$TMOD$0$0                         trabalho
     00000089  _CP0HYN1                           trabalho
     00000089  _CP1HYN1                           trabalho
     00000089  _CP2HYN1                           trabalho
     00000089  _CPT0MD                            trabalho
     00000089  _CPT1MD                            trabalho
     00000089  _CPT2MD                            trabalho
     00000089  _IE0                               trabalho
     00000089  _TMOD                              trabalho
     0000008A  G$CP0HYP0$0$0                      trabalho
     0000008A  G$CP1HYP0$0$0                      trabalho
     0000008A  G$CP2HYP0$0$0                      trabalho
     0000008A  G$IT1$0$0                          trabalho
     0000008A  G$OSCICN$0$0                       trabalho
     0000008A  G$TL0$0$0                          trabalho
     0000008A  _CP0HYP0                           trabalho
     0000008A  _CP1HYP0                           trabalho
     0000008A  _CP2HYP0                           trabalho
     0000008A  _IT1                               trabalho
     0000008A  _OSCICN                            trabalho
     0000008A  _TL0                               trabalho
     0000008B  G$CP0HYP1$0$0                      trabalho
     0000008B  G$CP1HYP1$0$0                      trabalho
     0000008B  G$CP2HYP1$0$0                      trabalho
     0000008B  G$IE1$0$0                          trabalho
     0000008B  G$OSCICL$0$0                       trabalho
     0000008B  G$TL1$0$0                          trabalho
     0000008B  _CP0HYP1                           trabalho
     0000008B  _CP1HYP1                           trabalho
     0000008B  _CP2HYP1                           trabalho
     0000008B  _IE1                               trabalho
     0000008B  _OSCICL                            trabalho
     0000008B  _TL1                               trabalho
     0000008C  G$CP0FIF$0$0                       trabalho
     0000008C  G$CP1FIF$0$0                       trabalho
     0000008C  G$CP2FIF$0$0                       trabalho
     0000008C  G$OSCXCN$0$0                       trabalho
     0000008C  G$TH0$0$0                          trabalho
     0000008C  G$TR0$0$0                          trabalho
     0000008C  _CP0FIF                            trabalho
     0000008C  _CP1FIF                            trabalho
     0000008C  _CP2FIF                            trabalho
     0000008C  _OSCXCN                            trabalho
     0000008C  _TH0                               trabalho
     0000008C  _TR0                               trabalho
ASxxxx Linker V03.00 + NoICE + sdld,  page 5.
Hexadecimal  [32-Bits]

Area                                    Addr        Size        Decimal Bytes (Attributes)
--------------------------------        ----        ----        ------- ----- ------------
.  .ABS.                            00000000    00000000 =           0. bytes (ABS,CON)

      Value  Global                              Global Defined In Module
      -----  --------------------------------   ------------------------
     0000008D  G$CP0RIF$0$0                       trabalho
     0000008D  G$CP1RIF$0$0                       trabalho
     0000008D  G$CP2RIF$0$0                       trabalho
     0000008D  G$TF0$0$0                          trabalho
     0000008D  G$TH1$0$0                          trabalho
     0000008D  _CP0RIF                            trabalho
     0000008D  _CP1RIF                            trabalho
     0000008D  _CP2RIF                            trabalho
     0000008D  _TF0                               trabalho
     0000008D  _TH1                               trabalho
     0000008E  G$CKCON$0$0                        trabalho
     0000008E  G$CP0OUT$0$0                       trabalho
     0000008E  G$CP1OUT$0$0                       trabalho
     0000008E  G$CP2OUT$0$0                       trabalho
     0000008E  G$TR1$0$0                          trabalho
     0000008E  _CKCON                             trabalho
     0000008E  _CP0OUT                            trabalho
     0000008E  _CP1OUT                            trabalho
     0000008E  _CP2OUT                            trabalho
     0000008E  _TR1                               trabalho
     0000008F  G$CP0EN$0$0                        trabalho
     0000008F  G$CP1EN$0$0                        trabalho
     0000008F  G$CP2EN$0$0                        trabalho
     0000008F  G$PSCTL$0$0                        trabalho
     0000008F  G$TF1$0$0                          trabalho
     0000008F  _CP0EN                             trabalho
     0000008F  _CP1EN                             trabalho
     0000008F  _CP2EN                             trabalho
     0000008F  _PSCTL                             trabalho
     0000008F  _TF1                               trabalho
     00000090  G$P1$0$0                           trabalho
     00000090  G$P1_0$0$0                         trabalho
     00000090  _P1                                trabalho
     00000090  _P1_0                              trabalho
     00000091  G$P1_1$0$0                         trabalho
     00000091  G$SSTA0$0$0                        trabalho
     00000091  _P1_1                              trabalho
     00000091  _SSTA0                             trabalho
     00000092  G$P1_2$0$0                         trabalho
     00000092  _P1_2                              trabalho
     00000093  G$P1_3$0$0                         trabalho
     00000093  _P1_3                              trabalho
     00000094  G$P1_4$0$0                         trabalho
     00000094  _P1_4                              trabalho
     00000095  G$P1_5$0$0                         trabalho
     00000095  _P1_5                              trabalho
     00000096  G$P1_6$0$0                         trabalho
     00000096  G$SFRPGCN$0$0                      trabalho
     00000096  _P1_6                              trabalho
     00000096  _SFRPGCN                           trabalho
     00000097  G$CLKSEL$0$0                       trabalho
ASxxxx Linker V03.00 + NoICE + sdld,  page 6.
Hexadecimal  [32-Bits]

Area                                    Addr        Size        Decimal Bytes (Attributes)
--------------------------------        ----        ----        ------- ----- ------------
.  .ABS.                            00000000    00000000 =           0. bytes (ABS,CON)

      Value  Global                              Global Defined In Module
      -----  --------------------------------   ------------------------
     00000097  G$P1_7$0$0                         trabalho
     00000097  _CLKSEL                            trabalho
     00000097  _P1_7                              trabalho
     00000098  G$RI0$0$0                          trabalho
     00000098  G$RI1$0$0                          trabalho
     00000098  G$SCON0$0$0                        trabalho
     00000098  G$SCON1$0$0                        trabalho
     00000098  _RI0                               trabalho
     00000098  _RI1                               trabalho
     00000098  _SCON0                             trabalho
     00000098  _SCON1                             trabalho
     00000099  G$SBUF0$0$0                        trabalho
     00000099  G$SBUF1$0$0                        trabalho
     00000099  G$TI0$0$0                          trabalho
     00000099  G$TI1$0$0                          trabalho
     00000099  _SBUF0                             trabalho
     00000099  _SBUF1                             trabalho
     00000099  _TI0                               trabalho
     00000099  _TI1                               trabalho
     0000009A  G$RB80$0$0                         trabalho
     0000009A  G$RB81$0$0                         trabalho
     0000009A  G$SPI0CFG$0$0                      trabalho
     0000009A  _RB80                              trabalho
     0000009A  _RB81                              trabalho
     0000009A  _SPI0CFG                           trabalho
     0000009B  G$SPI0DAT$0$0                      trabalho
     0000009B  G$TB80$0$0                         trabalho
     0000009B  G$TB81$0$0                         trabalho
     0000009B  _SPI0DAT                           trabalho
     0000009B  _TB80                              trabalho
     0000009B  _TB81                              trabalho
     0000009C  G$P4MDOUT$0$0                      trabalho
     0000009C  G$REN0$0$0                         trabalho
     0000009C  G$REN1$0$0                         trabalho
     0000009C  _P4MDOUT                           trabalho
     0000009C  _REN0                              trabalho
     0000009C  _REN1                              trabalho
     0000009D  G$MCE1$0$0                         trabalho
     0000009D  G$P5MDOUT$0$0                      trabalho
     0000009D  G$SM20$0$0                         trabalho
     0000009D  G$SPI0CKR$0$0                      trabalho
     0000009D  _MCE1                              trabalho
     0000009D  _P5MDOUT                           trabalho
     0000009D  _SM20                              trabalho
     0000009D  _SPI0CKR                           trabalho
     0000009E  G$P6MDOUT$0$0                      trabalho
     0000009E  G$SM10$0$0                         trabalho
     0000009E  _P6MDOUT                           trabalho
     0000009E  _SM10                              trabalho
     0000009F  G$P7MDOUT$0$0                      trabalho
     0000009F  G$S1MODE$0$0                       trabalho
ASxxxx Linker V03.00 + NoICE + sdld,  page 7.
Hexadecimal  [32-Bits]

Area                                    Addr        Size        Decimal Bytes (Attributes)
--------------------------------        ----        ----        ------- ----- ------------
.  .ABS.                            00000000    00000000 =           0. bytes (ABS,CON)

      Value  Global                              Global Defined In Module
      -----  --------------------------------   ------------------------
     0000009F  G$SM00$0$0                         trabalho
     0000009F  _P7MDOUT                           trabalho
     0000009F  _S1MODE                            trabalho
     0000009F  _SM00                              trabalho
     000000A0  G$P2$0$0                           trabalho
     000000A0  G$P2_0$0$0                         trabalho
     000000A0  _P2                                trabalho
     000000A0  _P2_0                              trabalho
     000000A1  G$EMI0TC$0$0                       trabalho
     000000A1  G$P2_1$0$0                         trabalho
     000000A1  _EMI0TC                            trabalho
     000000A1  _P2_1                              trabalho
     000000A2  G$EMI0CN$0$0                       trabalho
     000000A2  G$P2_2$0$0                         trabalho
     000000A2  G$_XPAGE$0$0                       trabalho
     000000A2  _EMI0CN                            trabalho
     000000A2  _P2_2                              trabalho
     000000A2  __XPAGE                            trabalho
     000000A3  G$EMI0CF$0$0                       trabalho
     000000A3  G$P2_3$0$0                         trabalho
     000000A3  _EMI0CF                            trabalho
     000000A3  _P2_3                              trabalho
     000000A4  G$P0MDOUT$0$0                      trabalho
     000000A4  G$P2_4$0$0                         trabalho
     000000A4  _P0MDOUT                           trabalho
     000000A4  _P2_4                              trabalho
     000000A5  G$P1MDOUT$0$0                      trabalho
     000000A5  G$P2_5$0$0                         trabalho
     000000A5  _P1MDOUT                           trabalho
     000000A5  _P2_5                              trabalho
     000000A6  G$P2MDOUT$0$0                      trabalho
     000000A6  G$P2_6$0$0                         trabalho
     000000A6  _P2MDOUT                           trabalho
     000000A6  _P2_6                              trabalho
     000000A7  G$P2_7$0$0                         trabalho
     000000A7  G$P3MDOUT$0$0                      trabalho
     000000A7  _P2_7                              trabalho
     000000A7  _P3MDOUT                           trabalho
     000000A8  G$EX0$0$0                          trabalho
     000000A8  G$IE$0$0                           trabalho
     000000A8  _EX0                               trabalho
     000000A8  _IE                                trabalho
     000000A9  G$ET0$0$0                          trabalho
     000000A9  G$SADDR0$0$0                       trabalho
     000000A9  G$SADDR1$0$0                       trabalho
     000000A9  _ET0                               trabalho
     000000A9  _SADDR0                            trabalho
     000000A9  _SADDR1                            trabalho
     000000AA  G$EX1$0$0                          trabalho
     000000AA  _EX1                               trabalho
     000000AB  G$ET1$0$0                          trabalho
ASxxxx Linker V03.00 + NoICE + sdld,  page 8.
Hexadecimal  [32-Bits]

Area                                    Addr        Size        Decimal Bytes (Attributes)
--------------------------------        ----        ----        ------- ----- ------------
.  .ABS.                            00000000    00000000 =           0. bytes (ABS,CON)

      Value  Global                              Global Defined In Module
      -----  --------------------------------   ------------------------
     000000AB  _ET1                               trabalho
     000000AC  G$ES0$0$0                          trabalho
     000000AC  _ES0                               trabalho
     000000AD  G$ET2$0$0                          trabalho
     000000AD  G$P1MDIN$0$0                       trabalho
     000000AD  _ET2                               trabalho
     000000AD  _P1MDIN                            trabalho
     000000AE  G$P2MDIN$0$0                       trabalho
     000000AE  _P2MDIN                            trabalho
     000000AF  G$EA$0$0                           trabalho
     000000AF  G$P3MDIN$0$0                       trabalho
     000000AF  _EA                                trabalho
     000000AF  _P3MDIN                            trabalho
     000000B0  G$P3$0$0                           trabalho
     000000B0  G$P3_0$0$0                         trabalho
     000000B0  _P3                                trabalho
     000000B0  _P3_0                              trabalho
     000000B1  G$P3_1$0$0                         trabalho
     000000B1  _P3_1                              trabalho
     000000B2  G$P3_2$0$0                         trabalho
     000000B2  _P3_2                              trabalho
     000000B3  G$P3_3$0$0                         trabalho
     000000B3  _P3_3                              trabalho
     000000B4  G$P3_4$0$0                         trabalho
     000000B4  _P3_4                              trabalho
     000000B5  G$P3_5$0$0                         trabalho
     000000B5  _P3_5                              trabalho
     000000B6  G$P3_6$0$0                         trabalho
     000000B6  _P3_6                              trabalho
     000000B7  G$FLACL$0$0                        trabalho
     000000B7  G$FLSCL$0$0                        trabalho
     000000B7  G$P3_7$0$0                         trabalho
     000000B7  _FLACL                             trabalho
     000000B7  _FLSCL                             trabalho
     000000B7  _P3_7                              trabalho
     000000B8  G$IP$0$0                           trabalho
     000000B8  G$PX0$0$0                          trabalho
     000000B8  _IP                                trabalho
     000000B8  _PX0                               trabalho
     000000B9  G$PT0$0$0                          trabalho
     000000B9  G$SADEN0$0$0                       trabalho
     000000B9  _PT0                               trabalho
     000000B9  _SADEN0                            trabalho
     000000BA  G$AMX0CF$0$0                       trabalho
     000000BA  G$AMX2CF$0$0                       trabalho
     000000BA  G$PX1$0$0                          trabalho
     000000BA  _AMX0CF                            trabalho
     000000BA  _AMX2CF                            trabalho
     000000BA  _PX1                               trabalho
     000000BB  G$AMX0SL$0$0                       trabalho
     000000BB  G$AMX2SL$0$0                       trabalho
ASxxxx Linker V03.00 + NoICE + sdld,  page 9.
Hexadecimal  [32-Bits]

Area                                    Addr        Size        Decimal Bytes (Attributes)
--------------------------------        ----        ----        ------- ----- ------------
.  .ABS.                            00000000    00000000 =           0. bytes (ABS,CON)

      Value  Global                              Global Defined In Module
      -----  --------------------------------   ------------------------
     000000BB  G$PT1$0$0                          trabalho
     000000BB  _AMX0SL                            trabalho
     000000BB  _AMX2SL                            trabalho
     000000BB  _PT1                               trabalho
     000000BC  G$ADC0CF$0$0                       trabalho
     000000BC  G$ADC2CF$0$0                       trabalho
     000000BC  G$PS0$0$0                          trabalho
     000000BC  _ADC0CF                            trabalho
     000000BC  _ADC2CF                            trabalho
     000000BC  _PS0                               trabalho
     000000BD  G$AMX0PRT$0$0                      trabalho
     000000BD  G$PT2$0$0                          trabalho
     000000BD  _AMX0PRT                           trabalho
     000000BD  _PT2                               trabalho
     000000BE  G$ADC0L$0$0                        trabalho
     000000BE  G$ADC2$0$0                         trabalho
     000000BE  _ADC0L                             trabalho
     000000BE  _ADC2                              trabalho
     000000BF  G$ADC0H$0$0                        trabalho
     000000BF  _ADC0H                             trabalho
     000000C0  G$CAN0STA$0$0                      trabalho
     000000C0  G$LEC0$0$0                         trabalho
     000000C0  G$SMB0CN$0$0                       trabalho
     000000C0  G$SMBTOE$0$0                       trabalho
     000000C0  _CAN0STA                           trabalho
     000000C0  _LEC0                              trabalho
     000000C0  _SMB0CN                            trabalho
     000000C0  _SMBTOE                            trabalho
     000000C1  G$LEC1$0$0                         trabalho
     000000C1  G$SMB0STA$0$0                      trabalho
     000000C1  G$SMBFTE$0$0                       trabalho
     000000C1  _LEC1                              trabalho
     000000C1  _SMB0STA                           trabalho
     000000C1  _SMBFTE                            trabalho
     000000C2  G$AA$0$0                           trabalho
     000000C2  G$LEC2$0$0                         trabalho
     000000C2  G$SMB0DAT$0$0                      trabalho
     000000C2  _AA                                trabalho
     000000C2  _LEC2                              trabalho
     000000C2  _SMB0DAT                           trabalho
     000000C3  G$SI$0$0                           trabalho
     000000C3  G$SMB0ADR$0$0                      trabalho
     000000C3  G$TXOK$0$0                         trabalho
     000000C3  _SI                                trabalho
     000000C3  _SMB0ADR                           trabalho
     000000C3  _TXOK                              trabalho
     000000C4  G$ADC0GTL$0$0                      trabalho
     000000C4  G$ADC2GT$0$0                       trabalho
     000000C4  G$RXOK$0$0                         trabalho
     000000C4  G$STO$0$0                          trabalho
     000000C4  _ADC0GTL                           trabalho
ASxxxx Linker V03.00 + NoICE + sdld,  page 10.
Hexadecimal  [32-Bits]

Area                                    Addr        Size        Decimal Bytes (Attributes)
--------------------------------        ----        ----        ------- ----- ------------
.  .ABS.                            00000000    00000000 =           0. bytes (ABS,CON)

      Value  Global                              Global Defined In Module
      -----  --------------------------------   ------------------------
     000000C4  _ADC2GT                            trabalho
     000000C4  _RXOK                              trabalho
     000000C4  _STO                               trabalho
     000000C5  G$ADC0GTH$0$0                      trabalho
     000000C5  G$EPASS$0$0                        trabalho
     000000C5  G$STA$0$0                          trabalho
     000000C5  _ADC0GTH                           trabalho
     000000C5  _EPASS                             trabalho
     000000C5  _STA                               trabalho
     000000C6  G$ADC0LTL$0$0                      trabalho
     000000C6  G$ADC2LT$0$0                       trabalho
     000000C6  G$ENSMB$0$0                        trabalho
     000000C6  G$EWARN$0$0                        trabalho
     000000C6  _ADC0LTL                           trabalho
     000000C6  _ADC2LT                            trabalho
     000000C6  _ENSMB                             trabalho
     000000C6  _EWARN                             trabalho
     000000C7  G$ADC0LTH$0$0                      trabalho
     000000C7  G$BOFF$0$0                         trabalho
     000000C7  G$BUSY$0$0                         trabalho
     000000C7  _ADC0LTH                           trabalho
     000000C7  _BOFF                              trabalho
     000000C7  _BUSY                              trabalho
     000000C8  G$CPRL2$0$0                        trabalho
     000000C8  G$CPRL3$0$0                        trabalho
     000000C8  G$CPRL4$0$0                        trabalho
     000000C8  G$P4$0$0                           trabalho
     000000C8  G$P4_0$0$0                         trabalho
     000000C8  G$TMR2CN$0$0                       trabalho
     000000C8  G$TMR3CN$0$0                       trabalho
     000000C8  G$TMR4CN$0$0                       trabalho
     000000C8  _CPRL2                             trabalho
     000000C8  _CPRL3                             trabalho
     000000C8  _CPRL4                             trabalho
     000000C8  _P4                                trabalho
     000000C8  _P4_0                              trabalho
     000000C8  _TMR2CN                            trabalho
     000000C8  _TMR3CN                            trabalho
     000000C8  _TMR4CN                            trabalho
     000000C9  G$CT2$0$0                          trabalho
     000000C9  G$CT3$0$0                          trabalho
     000000C9  G$CT4$0$0                          trabalho
     000000C9  G$P4_1$0$0                         trabalho
     000000C9  G$TMR2CF$0$0                       trabalho
     000000C9  G$TMR3CF$0$0                       trabalho
     000000C9  G$TMR4CF$0$0                       trabalho
     000000C9  _CT2                               trabalho
     000000C9  _CT3                               trabalho
     000000C9  _CT4                               trabalho
     000000C9  _P4_1                              trabalho
     000000C9  _TMR2CF                            trabalho
ASxxxx Linker V03.00 + NoICE + sdld,  page 11.
Hexadecimal  [32-Bits]

Area                                    Addr        Size        Decimal Bytes (Attributes)
--------------------------------        ----        ----        ------- ----- ------------
.  .ABS.                            00000000    00000000 =           0. bytes (ABS,CON)

      Value  Global                              Global Defined In Module
      -----  --------------------------------   ------------------------
     000000C9  _TMR3CF                            trabalho
     000000C9  _TMR4CF                            trabalho
     000000CA  G$P4_2$0$0                         trabalho
     000000CA  G$RCAP2L$0$0                       trabalho
     000000CA  G$RCAP3L$0$0                       trabalho
     000000CA  G$RCAP4L$0$0                       trabalho
     000000CA  G$TR2$0$0                          trabalho
     000000CA  G$TR3$0$0                          trabalho
     000000CA  G$TR4$0$0                          trabalho
     000000CA  _P4_2                              trabalho
     000000CA  _RCAP2L                            trabalho
     000000CA  _RCAP3L                            trabalho
     000000CA  _RCAP4L                            trabalho
     000000CA  _TR2                               trabalho
     000000CA  _TR3                               trabalho
     000000CA  _TR4                               trabalho
     000000CB  G$EXEN2$0$0                        trabalho
     000000CB  G$EXEN3$0$0                        trabalho
     000000CB  G$EXEN4$0$0                        trabalho
     000000CB  G$P4_3$0$0                         trabalho
     000000CB  G$RCAP2H$0$0                       trabalho
     000000CB  G$RCAP3H$0$0                       trabalho
     000000CB  G$RCAP4H$0$0                       trabalho
     000000CB  _EXEN2                             trabalho
     000000CB  _EXEN3                             trabalho
     000000CB  _EXEN4                             trabalho
     000000CB  _P4_3                              trabalho
     000000CB  _RCAP2H                            trabalho
     000000CB  _RCAP3H                            trabalho
     000000CB  _RCAP4H                            trabalho
     000000CC  G$P4_4$0$0                         trabalho
     000000CC  G$TMR2L$0$0                        trabalho
     000000CC  G$TMR3L$0$0                        trabalho
     000000CC  G$TMR4L$0$0                        trabalho
     000000CC  _P4_4                              trabalho
     000000CC  _TMR2L                             trabalho
     000000CC  _TMR3L                             trabalho
     000000CC  _TMR4L                             trabalho
     000000CD  G$P4_5$0$0                         trabalho
     000000CD  G$TMR2H$0$0                        trabalho
     000000CD  G$TMR3H$0$0                        trabalho
     000000CD  G$TMR4H$0$0                        trabalho
     000000CD  _P4_5                              trabalho
     000000CD  _TMR2H                             trabalho
     000000CD  _TMR3H                             trabalho
     000000CD  _TMR4H                             trabalho
     000000CE  G$EXF2$0$0                         trabalho
     000000CE  G$EXF3$0$0                         trabalho
     000000CE  G$EXF4$0$0                         trabalho
     000000CE  G$P4_6$0$0                         trabalho
     000000CE  _EXF2                              trabalho
ASxxxx Linker V03.00 + NoICE + sdld,  page 12.
Hexadecimal  [32-Bits]

Area                                    Addr        Size        Decimal Bytes (Attributes)
--------------------------------        ----        ----        ------- ----- ------------
.  .ABS.                            00000000    00000000 =           0. bytes (ABS,CON)

      Value  Global                              Global Defined In Module
      -----  --------------------------------   ------------------------
     000000CE  _EXF3                              trabalho
     000000CE  _EXF4                              trabalho
     000000CE  _P4_6                              trabalho
     000000CF  G$P4_7$0$0                         trabalho
     000000CF  G$SMB0CR$0$0                       trabalho
     000000CF  G$TF2$0$0                          trabalho
     000000CF  G$TF3$0$0                          trabalho
     000000CF  G$TF4$0$0                          trabalho
     000000CF  _P4_7                              trabalho
     000000CF  _SMB0CR                            trabalho
     000000CF  _TF2                               trabalho
     000000CF  _TF3                               trabalho
     000000CF  _TF4                               trabalho
     000000D0  G$P$0$0                            trabalho
     000000D0  G$PSW$0$0                          trabalho
     000000D0  _P                                 trabalho
     000000D0  _PSW                               trabalho
     000000D1  G$F1$0$0                           trabalho
     000000D1  G$REF0CN$0$0                       trabalho
     000000D1  _F1                                trabalho
     000000D1  _REF0CN                            trabalho
     000000D2  G$DAC0L$0$0                        trabalho
     000000D2  G$DAC1L$0$0                        trabalho
     000000D2  G$OV$0$0                           trabalho
     000000D2  _DAC0L                             trabalho
     000000D2  _DAC1L                             trabalho
     000000D2  _OV                                trabalho
     000000D3  G$DAC0H$0$0                        trabalho
     000000D3  G$DAC1H$0$0                        trabalho
     000000D3  G$RS0$0$0                          trabalho
     000000D3  _DAC0H                             trabalho
     000000D3  _DAC1H                             trabalho
     000000D3  _RS0                               trabalho
     000000D4  G$DAC0CN$0$0                       trabalho
     000000D4  G$DAC1CN$0$0                       trabalho
     000000D4  G$RS1$0$0                          trabalho
     000000D4  _DAC0CN                            trabalho
     000000D4  _DAC1CN                            trabalho
     000000D4  _RS1                               trabalho
     000000D5  G$F0$0$0                           trabalho
     000000D5  _F0                                trabalho
     000000D6  G$AC$0$0                           trabalho
     000000D6  G$HVA0CN$0$0                       trabalho
     000000D6  _AC                                trabalho
     000000D6  _HVA0CN                            trabalho
     000000D7  G$CY$0$0                           trabalho
     000000D7  _CY                                trabalho
     000000D8  G$CAN0DATL$0$0                     trabalho
     000000D8  G$CCF0$0$0                         trabalho
     000000D8  G$P5$0$0                           trabalho
     000000D8  G$P5_0$0$0                         trabalho
ASxxxx Linker V03.00 + NoICE + sdld,  page 13.
Hexadecimal  [32-Bits]

Area                                    Addr        Size        Decimal Bytes (Attributes)
--------------------------------        ----        ----        ------- ----- ------------
.  .ABS.                            00000000    00000000 =           0. bytes (ABS,CON)

      Value  Global                              Global Defined In Module
      -----  --------------------------------   ------------------------
     000000D8  G$PCA0CN$0$0                       trabalho
     000000D8  _CAN0DATL                          trabalho
     000000D8  _CCF0                              trabalho
     000000D8  _P5                                trabalho
     000000D8  _P5_0                              trabalho
     000000D8  _PCA0CN                            trabalho
     000000D9  G$CAN0DATH$0$0                     trabalho
     000000D9  G$CCF1$0$0                         trabalho
     000000D9  G$P5_1$0$0                         trabalho
     000000D9  G$PCA0MD$0$0                       trabalho
     000000D9  _CAN0DATH                          trabalho
     000000D9  _CCF1                              trabalho
     000000D9  _P5_1                              trabalho
     000000D9  _PCA0MD                            trabalho
     000000DA  G$CAN0ADR$0$0                      trabalho
     000000DA  G$CCF2$0$0                         trabalho
     000000DA  G$P5_2$0$0                         trabalho
     000000DA  G$PCA0CPM0$0$0                     trabalho
     000000DA  _CAN0ADR                           trabalho
     000000DA  _CCF2                              trabalho
     000000DA  _P5_2                              trabalho
     000000DA  _PCA0CPM0                          trabalho
     000000DB  G$CAN0TST$0$0                      trabalho
     000000DB  G$CCF3$0$0                         trabalho
     000000DB  G$P5_3$0$0                         trabalho
     000000DB  G$PCA0CPM1$0$0                     trabalho
     000000DB  _CAN0TST                           trabalho
     000000DB  _CCF3                              trabalho
     000000DB  _P5_3                              trabalho
     000000DB  _PCA0CPM1                          trabalho
     000000DC  G$CCF4$0$0                         trabalho
     000000DC  G$P5_4$0$0                         trabalho
     000000DC  G$PCA0CPM2$0$0                     trabalho
     000000DC  _CCF4                              trabalho
     000000DC  _P5_4                              trabalho
     000000DC  _PCA0CPM2                          trabalho
     000000DD  G$CCF5$0$0                         trabalho
     000000DD  G$P5_5$0$0                         trabalho
     000000DD  G$PCA0CPM3$0$0                     trabalho
     000000DD  _CCF5                              trabalho
     000000DD  _P5_5                              trabalho
     000000DD  _PCA0CPM3                          trabalho
     000000DE  G$CR$0$0                           trabalho
     000000DE  G$P5_6$0$0                         trabalho
     000000DE  G$PCA0CPM4$0$0                     trabalho
     000000DE  _CR                                trabalho
     000000DE  _P5_6                              trabalho
     000000DE  _PCA0CPM4                          trabalho
     000000DF  G$CF$0$0                           trabalho
     000000DF  G$P5_7$0$0                         trabalho
     000000DF  G$PCA0CPM5$0$0                     trabalho
ASxxxx Linker V03.00 + NoICE + sdld,  page 14.
Hexadecimal  [32-Bits]

Area                                    Addr        Size        Decimal Bytes (Attributes)
--------------------------------        ----        ----        ------- ----- ------------
.  .ABS.                            00000000    00000000 =           0. bytes (ABS,CON)

      Value  Global                              Global Defined In Module
      -----  --------------------------------   ------------------------
     000000DF  _CF                                trabalho
     000000DF  _P5_7                              trabalho
     000000DF  _PCA0CPM5                          trabalho
     000000E0  G$ACC$0$0                          trabalho
     000000E0  _ACC                               trabalho
     000000E1  G$PCA0CPL5$0$0                     trabalho
     000000E1  G$XBR0$0$0                         trabalho
     000000E1  _PCA0CPL5                          trabalho
     000000E1  _XBR0                              trabalho
     000000E2  G$PCA0CPH5$0$0                     trabalho
     000000E2  G$XBR1$0$0                         trabalho
     000000E2  _PCA0CPH5                          trabalho
     000000E2  _XBR1                              trabalho
     000000E3  G$XBR2$0$0                         trabalho
     000000E3  _XBR2                              trabalho
     000000E4  G$XBR3$0$0                         trabalho
     000000E4  _XBR3                              trabalho
     000000E6  G$EIE1$0$0                         trabalho
     000000E6  _EIE1                              trabalho
     000000E7  G$EIE2$0$0                         trabalho
     000000E7  _EIE2                              trabalho
     000000E8  G$AD0LJST$0$0                      trabalho
     000000E8  G$AD2WINT$0$0                      trabalho
     000000E8  G$ADC0CN$0$0                       trabalho
     000000E8  G$ADC2CN$0$0                       trabalho
     000000E8  G$P6$0$0                           trabalho
     000000E8  G$P6_0$0$0                         trabalho
     000000E8  _AD0LJST                           trabalho
     000000E8  _AD2WINT                           trabalho
     000000E8  _ADC0CN                            trabalho
     000000E8  _ADC2CN                            trabalho
     000000E8  _P6                                trabalho
     000000E8  _P6_0                              trabalho
     000000E9  G$AD0WINT$0$0                      trabalho
     000000E9  G$AD2CM0$0$0                       trabalho
     000000E9  G$P6_1$0$0                         trabalho
     000000E9  G$PCA0CPL2$0$0                     trabalho
     000000E9  _AD0WINT                           trabalho
     000000E9  _AD2CM0                            trabalho
     000000E9  _P6_1                              trabalho
     000000E9  _PCA0CPL2                          trabalho
     000000EA  G$AD0CM0$0$0                       trabalho
     000000EA  G$AD2CM1$0$0                       trabalho
     000000EA  G$P6_2$0$0                         trabalho
     000000EA  G$PCA0CPH2$0$0                     trabalho
     000000EA  _AD0CM0                            trabalho
     000000EA  _AD2CM1                            trabalho
     000000EA  _P6_2                              trabalho
     000000EA  _PCA0CPH2                          trabalho
     000000EB  G$AD0CM1$0$0                       trabalho
     000000EB  G$AD2CM2$0$0                       trabalho
ASxxxx Linker V03.00 + NoICE + sdld,  page 15.
Hexadecimal  [32-Bits]

Area                                    Addr        Size        Decimal Bytes (Attributes)
--------------------------------        ----        ----        ------- ----- ------------
.  .ABS.                            00000000    00000000 =           0. bytes (ABS,CON)

      Value  Global                              Global Defined In Module
      -----  --------------------------------   ------------------------
     000000EB  G$P6_3$0$0                         trabalho
     000000EB  G$PCA0CPL3$0$0                     trabalho
     000000EB  _AD0CM1                            trabalho
     000000EB  _AD2CM2                            trabalho
     000000EB  _P6_3                              trabalho
     000000EB  _PCA0CPL3                          trabalho
     000000EC  G$AD0BUSY$0$0                      trabalho
     000000EC  G$AD2BUSY$0$0                      trabalho
     000000EC  G$P6_4$0$0                         trabalho
     000000EC  G$PCA0CPH3$0$0                     trabalho
     000000EC  _AD0BUSY                           trabalho
     000000EC  _AD2BUSY                           trabalho
     000000EC  _P6_4                              trabalho
     000000EC  _PCA0CPH3                          trabalho
     000000ED  G$AD0INT$0$0                       trabalho
     000000ED  G$AD2INT$0$0                       trabalho
     000000ED  G$P6_5$0$0                         trabalho
     000000ED  G$PCA0CPL4$0$0                     trabalho
     000000ED  _AD0INT                            trabalho
     000000ED  _AD2INT                            trabalho
     000000ED  _P6_5                              trabalho
     000000ED  _PCA0CPL4                          trabalho
     000000EE  G$AD0TM$0$0                        trabalho
     000000EE  G$AD2TM$0$0                        trabalho
     000000EE  G$P6_6$0$0                         trabalho
     000000EE  G$PCA0CPH4$0$0                     trabalho
     000000EE  _AD0TM                             trabalho
     000000EE  _AD2TM                             trabalho
     000000EE  _P6_6                              trabalho
     000000EE  _PCA0CPH4                          trabalho
     000000EF  G$AD0EN$0$0                        trabalho
     000000EF  G$AD2EN$0$0                        trabalho
     000000EF  G$P6_7$0$0                         trabalho
     000000EF  G$RSTSRC$0$0                       trabalho
     000000EF  _AD0EN                             trabalho
     000000EF  _AD2EN                             trabalho
     000000EF  _P6_7                              trabalho
     000000EF  _RSTSRC                            trabalho
     000000F0  G$B$0$0                            trabalho
     000000F0  _B                                 trabalho
     000000F5  _B_5                               _gptrget
     000000F6  G$EIP1$0$0                         trabalho
     000000F6  _B_6                               _gptrget
     000000F6  _EIP1                              trabalho
     000000F7  G$EIP2$0$0                         trabalho
     000000F7  _B_7                               _gptrget
     000000F7  _EIP2                              trabalho
     000000F8  G$CAN0CN$0$0                       trabalho
     000000F8  G$CANINIT$0$0                      trabalho
     000000F8  G$P7$0$0                           trabalho
     000000F8  G$P7_0$0$0                         trabalho
ASxxxx Linker V03.00 + NoICE + sdld,  page 16.
Hexadecimal  [32-Bits]

Area                                    Addr        Size        Decimal Bytes (Attributes)
--------------------------------        ----        ----        ------- ----- ------------
.  .ABS.                            00000000    00000000 =           0. bytes (ABS,CON)

      Value  Global                              Global Defined In Module
      -----  --------------------------------   ------------------------
     000000F8  G$SPI0CN$0$0                       trabalho
     000000F8  G$SPIEN$0$0                        trabalho
     000000F8  _CAN0CN                            trabalho
     000000F8  _CANINIT                           trabalho
     000000F8  _P7                                trabalho
     000000F8  _P7_0                              trabalho
     000000F8  _SPI0CN                            trabalho
     000000F8  _SPIEN                             trabalho
     000000F9  G$CANIE$0$0                        trabalho
     000000F9  G$P7_1$0$0                         trabalho
     000000F9  G$PCA0L$0$0                        trabalho
     000000F9  G$TXBMT$0$0                        trabalho
     000000F9  _CANIE                             trabalho
     000000F9  _P7_1                              trabalho
     000000F9  _PCA0L                             trabalho
     000000F9  _TXBMT                             trabalho
     000000FA  G$CANSIE$0$0                       trabalho
     000000FA  G$NSSMD0$0$0                       trabalho
     000000FA  G$P7_2$0$0                         trabalho
     000000FA  G$PCA0H$0$0                        trabalho
     000000FA  _CANSIE                            trabalho
     000000FA  _NSSMD0                            trabalho
     000000FA  _P7_2                              trabalho
     000000FA  _PCA0H                             trabalho
     000000FB  G$CANEIE$0$0                       trabalho
     000000FB  G$NSSMD1$0$0                       trabalho
     000000FB  G$P7_3$0$0                         trabalho
     000000FB  G$PCA0CPL0$0$0                     trabalho
     000000FB  _CANEIE                            trabalho
     000000FB  _NSSMD1                            trabalho
     000000FB  _P7_3                              trabalho
     000000FB  _PCA0CPL0                          trabalho
     000000FC  G$CANIF$0$0                        trabalho
     000000FC  G$P7_4$0$0                         trabalho
     000000FC  G$PCA0CPH0$0$0                     trabalho
     000000FC  G$RXOVRN$0$0                       trabalho
     000000FC  _CANIF                             trabalho
     000000FC  _P7_4                              trabalho
     000000FC  _PCA0CPH0                          trabalho
     000000FC  _RXOVRN                            trabalho
     000000FD  G$CANDAR$0$0                       trabalho
     000000FD  G$MODF$0$0                         trabalho
     000000FD  G$P7_5$0$0                         trabalho
     000000FD  G$PCA0CPL1$0$0                     trabalho
     000000FD  _CANDAR                            trabalho
     000000FD  _MODF                              trabalho
     000000FD  _P7_5                              trabalho
     000000FD  _PCA0CPL1                          trabalho
     000000FE  G$CANCCE$0$0                       trabalho
     000000FE  G$P7_6$0$0                         trabalho
     000000FE  G$PCA0CPH1$0$0                     trabalho
ASxxxx Linker V03.00 + NoICE + sdld,  page 17.
Hexadecimal  [32-Bits]

Area                                    Addr        Size        Decimal Bytes (Attributes)
--------------------------------        ----        ----        ------- ----- ------------
.  .ABS.                            00000000    00000000 =           0. bytes (ABS,CON)

      Value  Global                              Global Defined In Module
      -----  --------------------------------   ------------------------
     000000FE  G$WCOL$0$0                         trabalho
     000000FE  _CANCCE                            trabalho
     000000FE  _P7_6                              trabalho
     000000FE  _PCA0CPH1                          trabalho
     000000FE  _WCOL                              trabalho
     000000FF  G$CANTEST$0$0                      trabalho
     000000FF  G$P7_7$0$0                         trabalho
     000000FF  G$SPIF$0$0                         trabalho
     000000FF  G$WDTCN$0$0                        trabalho
     000000FF  _CANTEST                           trabalho
     000000FF  _P7_7                              trabalho
     000000FF  _SPIF                              trabalho
     000000FF  _WDTCN                             trabalho
     00008382  G$DP$0$0                           trabalho
     00008382  _DP                                trabalho
     0000BFBE  G$ADC0$0$0                         trabalho
     0000BFBE  _ADC0                              trabalho
     0000C5C4  G$ADC0GT$0$0                       trabalho
     0000C5C4  _ADC0GT                            trabalho
     0000C7C6  G$ADC0LT$0$0                       trabalho
     0000C7C6  _ADC0LT                            trabalho
     0000CBCA  G$RCAP2$0$0                        trabalho
     0000CBCA  G$RCAP3$0$0                        trabalho
     0000CBCA  G$RCAP4$0$0                        trabalho
     0000CBCA  _RCAP2                             trabalho
     0000CBCA  _RCAP3                             trabalho
     0000CBCA  _RCAP4                             trabalho
     0000CDCC  G$TMR2$0$0                         trabalho
     0000CDCC  G$TMR3$0$0                         trabalho
     0000CDCC  G$TMR4$0$0                         trabalho
     0000CDCC  _TMR2                              trabalho
     0000CDCC  _TMR3                              trabalho
     0000CDCC  _TMR4                              trabalho
     0000D3D2  G$DAC0$0$0                         trabalho
     0000D3D2  G$DAC1$0$0                         trabalho
     0000D3D2  _DAC0                              trabalho
     0000D3D2  _DAC1                              trabalho
     0000D9D8  G$CAN0DAT$0$0                      trabalho
     0000D9D8  _CAN0DAT                           trabalho
     0000E2E1  G$PCA0CP5$0$0                      trabalho
     0000E2E1  _PCA0CP5                           trabalho
     0000EAE9  G$PCA0CP2$0$0                      trabalho
     0000EAE9  _PCA0CP2                           trabalho
     0000ECEB  G$PCA0CP3$0$0                      trabalho
     0000ECEB  _PCA0CP3                           trabalho
     0000EEED  G$PCA0CP4$0$0                      trabalho
     0000EEED  _PCA0CP4                           trabalho
     0000FAF9  G$PCA0$0$0                         trabalho
     0000FAF9  _PCA0                              trabalho
     0000FCFB  G$PCA0CP0$0$0                      trabalho
     0000FCFB  _PCA0CP0                           trabalho
ASxxxx Linker V03.00 + NoICE + sdld,  page 18.
Hexadecimal  [32-Bits]

Area                                    Addr        Size        Decimal Bytes (Attributes)
--------------------------------        ----        ----        ------- ----- ------------
.  .ABS.                            00000000    00000000 =           0. bytes (ABS,CON)

      Value  Global                              Global Defined In Module
      -----  --------------------------------   ------------------------
     0000FEFD  G$PCA0CP1$0$0                      trabalho
     0000FEFD  _PCA0CP1                           trabalho

ASxxxx Linker V03.00 + NoICE + sdld,  page 19.
Hexadecimal  [32-Bits]

Area                                    Addr        Size        Decimal Bytes (Attributes)
--------------------------------        ----        ----        ------- ----- ------------
BSEG_BYTES                          00000020    00000002 =           2. bytes (REL,CON)

      Value  Global                              Global Defined In Module
      -----  --------------------------------   ------------------------
ASxxxx Linker V03.00 + NoICE + sdld,  page 20.
Hexadecimal  [32-Bits]

Area                                    Addr        Size        Decimal Bytes (Attributes)
--------------------------------        ----        ----        ------- ----- ------------
REG_BANK_0                          00000000    00000008 =           8. bytes (REL,OVR)

      Value  Global                              Global Defined In Module
      -----  --------------------------------   ------------------------
ASxxxx Linker V03.00 + NoICE + sdld,  page 21.
Hexadecimal  [32-Bits]

Area                                    Addr        Size        Decimal Bytes (Attributes)
--------------------------------        ----        ----        ------- ----- ------------
BIT_BANK                            00000022    00000001 =           1. bytes (REL,OVR)

      Value  Global                              Global Defined In Module
      -----  --------------------------------   ------------------------
ASxxxx Linker V03.00 + NoICE + sdld,  page 22.
Hexadecimal  [32-Bits]

Area                                    Addr        Size        Decimal Bytes (Attributes)
--------------------------------        ----        ----        ------- ----- ------------
DSEG                                00000000    0000007D =         125. bytes (REL,CON)

      Value  Global                              Global Defined In Module
      -----  --------------------------------   ------------------------
     00000008  G$ant$0$0                          trabalho
     00000008  _ant                               trabalho
     0000000A  G$cont$0$0                         trabalho
     0000000A  _cont                              trabalho
     0000000C  G$ladc$0$0                         trabalho
     0000000C  _ladc                              trabalho
     0000000E  G$temp_ref$0$0                     trabalho
     0000000E  _temp_ref                          trabalho
     0000000F  G$temp_atual$0$0                   trabalho
     0000000F  _temp_atual                        trabalho
     00000013  G$k$0$0                            trabalho
     00000013  _k                                 trabalho
     0000001B  _bp                                _bp

ASxxxx Linker V03.00 + NoICE + sdld,  page 23.
Hexadecimal  [32-Bits]

Area                                    Addr        Size        Decimal Bytes (Attributes)
--------------------------------        ----        ----        ------- ----- ------------
OSEG                                0000001C    00000001 =           1. bytes (REL,OVR)

      Value  Global                              Global Defined In Module
      -----  --------------------------------   ------------------------
     0000001C  Ltrabalho.le_adc0$ganho$1$45       trabalho
     0000001C  _le_adc0_PARM_2                    trabalho

ASxxxx Linker V03.00 + NoICE + sdld,  page 24.
Hexadecimal  [32-Bits]

Area                                    Addr        Size        Decimal Bytes (Attributes)
--------------------------------        ----        ----        ------- ----- ------------
SSEG                                00000023    000000DD =         221. bytes (REL,OVR)

      Value  Global                              Global Defined In Module
      -----  --------------------------------   ------------------------
     00000023  __start__stack                     trabalho

ASxxxx Linker V03.00 + NoICE + sdld,  page 25.
Hexadecimal  [32-Bits]

Area                                    Addr        Size        Decimal Bytes (Attributes)
--------------------------------        ----        ----        ------- ----- ------------
HOME                                00000000    00000089 =         137. bytes (REL,CON,CODE)

      Value  Global                              Global Defined In Module
      -----  --------------------------------   ------------------------
C:   00000000  A$trabalho$1342                    trabalho
C:   00000003  A$trabalho$1343                    trabalho
C:   0000000B  A$trabalho$1345                    trabalho
C:   00000013  A$trabalho$1347                    trabalho
C:   0000001B  A$trabalho$1349                    trabalho
C:   00000023  A$trabalho$1351                    trabalho
C:   0000002B  A$trabalho$1353                    trabalho
C:   00000033  A$trabalho$1355                    trabalho
C:   0000003B  A$trabalho$1357                    trabalho
C:   00000043  A$trabalho$1359                    trabalho
C:   0000004B  A$trabalho$1361                    trabalho
C:   00000053  A$trabalho$1363                    trabalho
C:   0000005B  A$trabalho$1365                    trabalho
C:   00000063  A$trabalho$1367                    trabalho
C:   0000006B  A$trabalho$1369                    trabalho
C:   00000073  A$trabalho$1371                    trabalho
C:   0000007B  A$trabalho$1373                    trabalho
C:   00000083  A$trabalho$1375                    trabalho
C:   00000086  A$trabalho$1420                    trabalho
C:   00000086  __sdcc_program_startup             trabalho

ASxxxx Linker V03.00 + NoICE + sdld,  page 26.
Hexadecimal  [32-Bits]

Area                                    Addr        Size        Decimal Bytes (Attributes)
--------------------------------        ----        ----        ------- ----- ------------
GSINIT0                             00000089    00000003 =           3. bytes (REL,CON,CODE)

      Value  Global                              Global Defined In Module
      -----  --------------------------------   ------------------------
C:   00000089  __sdcc_gsinit_startup              

ASxxxx Linker V03.00 + NoICE + sdld,  page 27.
Hexadecimal  [32-Bits]

Area                                    Addr        Size        Decimal Bytes (Attributes)
--------------------------------        ----        ----        ------- ----- ------------
GSINIT2                             0000008C    0000000A =          10. bytes (REL,CON,CODE)

      Value  Global                              Global Defined In Module
      -----  --------------------------------   ------------------------
ASxxxx Linker V03.00 + NoICE + sdld,  page 28.
Hexadecimal  [32-Bits]

Area                                    Addr        Size        Decimal Bytes (Attributes)
--------------------------------        ----        ----        ------- ----- ------------
GSINIT3                             00000096    00000022 =          34. bytes (REL,CON,CODE)

      Value  Global                              Global Defined In Module
      -----  --------------------------------   ------------------------
C:   00000096  __mcs51_genXINIT                   

ASxxxx Linker V03.00 + NoICE + sdld,  page 29.
Hexadecimal  [32-Bits]

Area                                    Addr        Size        Decimal Bytes (Attributes)
--------------------------------        ----        ----        ------- ----- ------------
GSINIT4                             000000B8    0000002A =          42. bytes (REL,CON,CODE)

      Value  Global                              Global Defined In Module
      -----  --------------------------------   ------------------------
C:   000000B8  __mcs51_genRAMCLEAR                
C:   000000BE  __mcs51_genXRAMCLEAR               

ASxxxx Linker V03.00 + NoICE + sdld,  page 30.
Hexadecimal  [32-Bits]

Area                                    Addr        Size        Decimal Bytes (Attributes)
--------------------------------        ----        ----        ------- ----- ------------
GSINIT                              000000E2    00000017 =          23. bytes (REL,CON,CODE)

      Value  Global                              Global Defined In Module
      -----  --------------------------------   ------------------------
C:   000000E2  A$trabalho$1391                    trabalho
C:   000000E2  C$trabalho.c$81$1$91               trabalho
C:   000000E3  A$trabalho$1392                    trabalho
C:   000000E5  A$trabalho$1393                    trabalho
C:   000000E7  A$trabalho$1396                    trabalho
C:   000000E7  C$trabalho.c$82$1$91               trabalho
C:   000000E9  A$trabalho$1397                    trabalho
C:   000000EB  A$trabalho$1401                    trabalho
C:   000000EB  C$trabalho.c$84$1$91               trabalho
C:   000000ED  A$trabalho$1404                    trabalho
C:   000000ED  C$trabalho.c$85$1$91               trabalho
C:   000000EF  A$trabalho$1405                    trabalho
C:   000000F1  A$trabalho$1406                    trabalho
C:   000000F3  A$trabalho$1407                    trabalho
C:   000000F5  A$trabalho$1410                    trabalho
C:   000000F5  C$trabalho.c$86$1$91               trabalho
C:   000000F7  A$trabalho$1411                    trabalho

ASxxxx Linker V03.00 + NoICE + sdld,  page 31.
Hexadecimal  [32-Bits]

Area                                    Addr        Size        Decimal Bytes (Attributes)
--------------------------------        ----        ----        ------- ----- ------------
GSFINAL                             000000F9    00000003 =           3. bytes (REL,CON,CODE)

      Value  Global                              Global Defined In Module
      -----  --------------------------------   ------------------------
C:   000000F9  A$trabalho$1413                    trabalho

ASxxxx Linker V03.00 + NoICE + sdld,  page 32.
Hexadecimal  [32-Bits]

Area                                    Addr        Size        Decimal Bytes (Attributes)
--------------------------------        ----        ----        ------- ----- ------------
CSEG                                000000FC    00000F42 =        3906. bytes (REL,CON,CODE)

      Value  Global                              Global Defined In Module
      -----  --------------------------------   ------------------------
C:   000000FC  A$trabalho$1446                    trabalho
C:   000000FC  C$config.c$10$0$0                  trabalho
C:   000000FC  C$config.c$12$1$1                  trabalho
C:   000000FC  G$Reset_Sources_Init$0$0           trabalho
C:   000000FC  _Reset_Sources_Init                trabalho
C:   000000FF  A$trabalho$1449                    trabalho
C:   000000FF  C$config.c$13$1$1                  trabalho
C:   00000102  A$trabalho$1452                    trabalho
C:   00000102  C$config.c$14$1$1                  trabalho
C:   00000102  XG$Reset_Sources_Init$0$0          trabalho
C:   00000103  A$trabalho$1465                    trabalho
C:   00000103  C$config.c$16$1$1                  trabalho
C:   00000103  C$config.c$18$1$2                  trabalho
C:   00000103  G$Timer_Init$0$0                   trabalho
C:   00000103  _Timer_Init                        trabalho
C:   00000106  A$trabalho$1468                    trabalho
C:   00000106  C$config.c$19$1$2                  trabalho
C:   00000109  A$trabalho$1471                    trabalho
C:   00000109  C$config.c$20$1$2                  trabalho
C:   0000010C  A$trabalho$1474                    trabalho
C:   0000010C  C$config.c$21$1$2                  trabalho
C:   0000010F  A$trabalho$1477                    trabalho
C:   0000010F  C$config.c$22$1$2                  trabalho
C:   00000112  A$trabalho$1480                    trabalho
C:   00000112  C$config.c$23$1$2                  trabalho
C:   00000115  A$trabalho$1483                    trabalho
C:   00000115  C$config.c$24$1$2                  trabalho
C:   00000118  A$trabalho$1486                    trabalho
C:   00000118  C$config.c$25$1$2                  trabalho
C:   0000011B  A$trabalho$1489                    trabalho
C:   0000011B  C$config.c$26$1$2                  trabalho
C:   0000011E  A$trabalho$1492                    trabalho
C:   0000011E  C$config.c$27$1$2                  trabalho
C:   00000121  A$trabalho$1495                    trabalho
C:   00000121  C$config.c$28$1$2                  trabalho
C:   00000124  A$trabalho$1498                    trabalho
C:   00000124  C$config.c$29$1$2                  trabalho
C:   00000127  A$trabalho$1501                    trabalho
C:   00000127  C$config.c$30$1$2                  trabalho
C:   0000012A  A$trabalho$1504                    trabalho
C:   0000012A  C$config.c$31$1$2                  trabalho
C:   0000012D  A$trabalho$1507                    trabalho
C:   0000012D  C$config.c$32$1$2                  trabalho
C:   00000130  A$trabalho$1510                    trabalho
C:   00000130  C$config.c$33$1$2                  trabalho
C:   00000133  A$trabalho$1513                    trabalho
C:   00000133  C$config.c$34$1$2                  trabalho
C:   00000133  XG$Timer_Init$0$0                  trabalho
C:   00000134  A$trabalho$1526                    trabalho
C:   00000134  C$config.c$36$1$2                  trabalho
ASxxxx Linker V03.00 + NoICE + sdld,  page 33.
Hexadecimal  [32-Bits]

Area                                    Addr        Size        Decimal Bytes (Attributes)
--------------------------------        ----        ----        ------- ----- ------------
CSEG                                000000FC    00000F42 =        3906. bytes (REL,CON,CODE)

      Value  Global                              Global Defined In Module
      -----  --------------------------------   ------------------------
C:   00000134  C$config.c$38$1$3                  trabalho
C:   00000134  G$SMBus_Init$0$0                   trabalho
C:   00000134  _SMBus_Init                        trabalho
C:   00000137  A$trabalho$1529                    trabalho
C:   00000137  C$config.c$39$1$3                  trabalho
C:   0000013A  A$trabalho$1532                    trabalho
C:   0000013A  C$config.c$40$1$3                  trabalho
C:   0000013D  A$trabalho$1535                    trabalho
C:   0000013D  C$config.c$41$1$3                  trabalho
C:   0000013D  XG$SMBus_Init$0$0                  trabalho
C:   0000013E  A$trabalho$1548                    trabalho
C:   0000013E  C$config.c$43$1$3                  trabalho
C:   0000013E  C$config.c$45$1$4                  trabalho
C:   0000013E  G$SPI_Init$0$0                     trabalho
C:   0000013E  _SPI_Init                          trabalho
C:   00000141  A$trabalho$1551                    trabalho
C:   00000141  C$config.c$46$1$4                  trabalho
C:   00000144  A$trabalho$1554                    trabalho
C:   00000144  C$config.c$47$1$4                  trabalho
C:   00000147  A$trabalho$1557                    trabalho
C:   00000147  C$config.c$48$1$4                  trabalho
C:   0000014A  A$trabalho$1560                    trabalho
C:   0000014A  C$config.c$49$1$4                  trabalho
C:   0000014A  XG$SPI_Init$0$0                    trabalho
C:   0000014B  A$trabalho$1573                    trabalho
C:   0000014B  C$config.c$51$1$4                  trabalho
C:   0000014B  C$config.c$53$1$5                  trabalho
C:   0000014B  G$ADC_Init$0$0                     trabalho
C:   0000014B  _ADC_Init                          trabalho
C:   0000014E  A$trabalho$1576                    trabalho
C:   0000014E  C$config.c$54$1$5                  trabalho
C:   00000151  A$trabalho$1579                    trabalho
C:   00000151  C$config.c$55$1$5                  trabalho
C:   00000154  A$trabalho$1582                    trabalho
C:   00000154  C$config.c$56$1$5                  trabalho
C:   00000154  XG$ADC_Init$0$0                    trabalho
C:   00000155  A$trabalho$1595                    trabalho
C:   00000155  C$config.c$58$1$5                  trabalho
C:   00000155  C$config.c$60$1$6                  trabalho
C:   00000155  G$DAC_Init$0$0                     trabalho
C:   00000155  _DAC_Init                          trabalho
C:   00000158  A$trabalho$1598                    trabalho
C:   00000158  C$config.c$61$1$6                  trabalho
C:   0000015B  A$trabalho$1601                    trabalho
C:   0000015B  C$config.c$62$1$6                  trabalho
C:   0000015B  XG$DAC_Init$0$0                    trabalho
C:   0000015C  A$trabalho$1614                    trabalho
C:   0000015C  C$config.c$64$1$6                  trabalho
C:   0000015C  C$config.c$66$1$7                  trabalho
C:   0000015C  G$Voltage_Reference_Init$0$0       trabalho
C:   0000015C  _Voltage_Reference_Init            trabalho
ASxxxx Linker V03.00 + NoICE + sdld,  page 34.
Hexadecimal  [32-Bits]

Area                                    Addr        Size        Decimal Bytes (Attributes)
--------------------------------        ----        ----        ------- ----- ------------
CSEG                                000000FC    00000F42 =        3906. bytes (REL,CON,CODE)

      Value  Global                              Global Defined In Module
      -----  --------------------------------   ------------------------
C:   0000015F  A$trabalho$1617                    trabalho
C:   0000015F  C$config.c$67$1$7                  trabalho
C:   00000162  A$trabalho$1620                    trabalho
C:   00000162  C$config.c$68$1$7                  trabalho
C:   00000162  XG$Voltage_Reference_Init$0$0      trabalho
C:   00000163  A$trabalho$1633                    trabalho
C:   00000163  C$config.c$108$1$8                 trabalho
C:   00000163  C$config.c$70$1$7                  trabalho
C:   00000163  G$Port_IO_Init$0$0                 trabalho
C:   00000163  _Port_IO_Init                      trabalho
C:   00000166  A$trabalho$1636                    trabalho
C:   00000166  C$config.c$109$1$8                 trabalho
C:   00000169  A$trabalho$1639                    trabalho
C:   00000169  C$config.c$110$1$8                 trabalho
C:   0000016C  A$trabalho$1642                    trabalho
C:   0000016C  C$config.c$111$1$8                 trabalho
C:   0000016F  A$trabalho$1645                    trabalho
C:   0000016F  C$config.c$112$1$8                 trabalho
C:   00000172  A$trabalho$1648                    trabalho
C:   00000172  C$config.c$113$1$8                 trabalho
C:   00000175  A$trabalho$1651                    trabalho
C:   00000175  C$config.c$114$1$8                 trabalho
C:   00000175  XG$Port_IO_Init$0$0                trabalho
C:   00000176  A$trabalho$1666                    trabalho
C:   00000176  C$config.c$116$1$8                 trabalho
C:   00000176  C$config.c$119$1$9                 trabalho
C:   00000176  G$Oscillator_Init$0$0              trabalho
C:   00000176  _Oscillator_Init                   trabalho
C:   00000179  A$trabalho$1669                    trabalho
C:   00000179  C$config.c$120$1$9                 trabalho
C:   0000017C  A$trabalho$1672                    trabalho
C:   0000017C  C$config.c$121$1$9                 trabalho
C:   0000017E  A$trabalho$1673                    trabalho
C:   00000180  A$trabalho$1675                    trabalho
C:   00000181  A$trabalho$1676                    trabalho
C:   00000183  A$trabalho$1677                    trabalho
C:   00000184  A$trabalho$1678                    trabalho
C:   00000185  A$trabalho$1679                    trabalho
C:   00000187  A$trabalho$1680                    trabalho
C:   00000188  A$trabalho$1681                    trabalho
C:   0000018A  A$trabalho$1682                    trabalho
C:   0000018C  A$trabalho$1683                    trabalho
C:   0000018D  A$trabalho$1684                    trabalho
C:   0000018E  A$trabalho$1685                    trabalho
C:   00000190  A$trabalho$1689                    trabalho
C:   00000190  C$config.c$122$1$9                 trabalho
C:   00000192  A$trabalho$1690                    trabalho
C:   00000195  A$trabalho$1693                    trabalho
C:   00000195  C$config.c$123$1$9                 trabalho
C:   00000198  A$trabalho$1696                    trabalho
C:   00000198  C$config.c$124$1$9                 trabalho
ASxxxx Linker V03.00 + NoICE + sdld,  page 35.
Hexadecimal  [32-Bits]

Area                                    Addr        Size        Decimal Bytes (Attributes)
--------------------------------        ----        ----        ------- ----- ------------
CSEG                                000000FC    00000F42 =        3906. bytes (REL,CON,CODE)

      Value  Global                              Global Defined In Module
      -----  --------------------------------   ------------------------
C:   00000198  XG$Oscillator_Init$0$0             trabalho
C:   00000199  A$trabalho$1709                    trabalho
C:   00000199  C$config.c$126$1$9                 trabalho
C:   00000199  C$config.c$128$1$10                trabalho
C:   00000199  G$Interrupts_Init$0$0              trabalho
C:   00000199  _Interrupts_Init                   trabalho
C:   0000019C  A$trabalho$1712                    trabalho
C:   0000019C  C$config.c$129$1$10                trabalho
C:   0000019F  A$trabalho$1715                    trabalho
C:   0000019F  C$config.c$130$1$10                trabalho
[...]
C:   00000740  A$trabalho$3022                    trabalho
C:   00000740  C$trabalho.c$372$1$74              trabalho
C:   00000743  A$trabalho$3025                    trabalho
C:   00000743  C$trabalho.c$374$1$74              trabalho
C:   00000745  A$trabalho$3026                    trabalho
C:   00000747  A$trabalho$3028                    trabalho
C:   00000749  A$trabalho$3031                    trabalho
C:   00000749  C$trabalho.c$375$1$74              trabalho
C:   00000749  XG$le_eeprom$0$0                   trabalho
C:   0000074A  A$trabalho$3044                    trabalho
C:   0000074A  C$trabalho.c$377$1$74              trabalho
C:   0000074A  G$esc_byte_cntr$0$0                trabalho
C:   0000074A  _esc_byte_cntr                     trabalho
C:   0000074C  A$trabalho$3047                    trabalho
C:   0000074C  C$trabalho.c$380$1$76              trabalho
C:   0000074E  A$trabalho$3050                    trabalho
C:   0000074E  C$trabalho.c$381$1$76              trabalho
C:   00000750  A$trabalho$3054                    trabalho
C:   00000750  C$trabalho.c$382$1$76              trabalho
C:   00000753  A$trabalho$3057                    trabalho
C:   00000753  C$trabalho.c$383$1$76              trabalho
C:   00000755  A$trabalho$3058                    trabalho
C:   00000758  A$trabalho$3059                    trabalho
C:   0000075A  A$trabalho$3061                    trabalho
C:   0000075C  A$trabalho$3062                    trabalho
C:   0000075F  A$trabalho$3063                    trabalho
C:   00000761  A$trabalho$3067                    trabalho
C:   00000761  C$trabalho.c$384$1$76              trabalho
C:   00000764  A$trabalho$3068                    trabalho
C:   00000766  A$trabalho$3072                    trabalho
C:   00000766  C$trabalho.c$386$1$76              trabalho
C:   00000769  A$trabalho$3073                    trabalho
C:   0000076B  A$trabalho$3074                    trabalho
C:   0000076C  A$trabalho$3075                    trabalho
C:   0000076D  A$trabalho$3076                    trabalho
C:   0000076E  A$trabalho$3077                    trabalho
C:   0000076F  A$trabalho$3078                    trabalho
C:   00000771  A$trabalho$3081                    trabalho
C:   00000771  C$trabalho.c$387$1$76              trabalho
C:   00000773  A$trabalho$3084                    trabalho
C:   00000773  C$trabalho.c$388$1$76              trabalho
C:   00000775  A$trabalho$3088                    trabalho
ASxxxx Linker V03.00 + NoICE + sdld,  page 55.
Hexadecimal  [32-Bits]

Area                                    Addr        Size        Decimal Bytes (Attributes)
--------------------------------        ----        ----        ------- ----- ------------
CSEG                                000000FC    00000F42 =        3906. bytes (REL,CON,CODE)

      Value  Global                              Global Defined In Module
      -----  --------------------------------   ------------------------
C:   00000775  C$trabalho.c$389$1$76              trabalho
C:   00000778  A$trabalho$3091                    trabalho
C:   00000778  C$trabalho.c$390$1$76              trabalho
C:   0000077B  A$trabalho$3094                    trabalho
C:   0000077B  C$trabalho.c$392$2$77              trabalho
C:   0000077D  A$trabalho$3095                    trabalho
C:   00000780  A$trabalho$3096                    trabalho
C:   00000782  A$trabalho$3100                    trabalho
C:   00000782  C$trabalho.c$393$2$77              trabalho
C:   00000785  A$trabalho$3101                    trabalho
C:   00000787  A$trabalho$3105                    trabalho
C:   00000787  C$trabalho.c$397$2$78              trabalho
C:   00000789  A$trabalho$3106                    trabalho
C:   0000078C  A$trabalho$3107                    trabalho
C:   0000078E  A$trabalho$3111                    trabalho
C:   0000078E  C$trabalho.c$398$2$78              trabalho
C:   00000791  A$trabalho$3112                    trabalho
C:   00000793  A$trabalho$3116                    trabalho
C:   00000793  C$trabalho.c$400$1$76              trabalho
C:   00000796  A$trabalho$3120                    trabalho
C:   00000796  C$trabalho.c$401$1$76              trabalho
C:   00000796  XG$esc_byte_cntr$0$0               trabalho
C:   00000797  A$trabalho$3133                    trabalho
C:   00000797  C$trabalho.c$403$1$76              trabalho
C:   00000797  G$esc_byte_dado$0$0                trabalho
C:   00000797  _esc_byte_dado                     trabalho
C:   0000079A  A$trabalho$3136                    trabalho
C:   0000079A  C$trabalho.c$406$1$80              trabalho
C:   0000079C  A$trabalho$3139                    trabalho
C:   0000079C  C$trabalho.c$407$1$80              trabalho
C:   0000079E  A$trabalho$3143                    trabalho
C:   0000079E  C$trabalho.c$408$1$80              trabalho
C:   000007A1  A$trabalho$3146                    trabalho
C:   000007A1  C$trabalho.c$410$1$80              trabalho
C:   000007A3  A$trabalho$3147                    trabalho
C:   000007A6  A$trabalho$3150                    trabalho
C:   000007A6  C$trabalho.c$411$1$80              trabalho
C:   000007A9  A$trabalho$3154                    trabalho
C:   000007A9  C$trabalho.c$412$1$80              trabalho
C:   000007A9  XG$esc_byte_dado$0$0               trabalho
C:   000007AA  A$trabalho$3170                    trabalho
C:   000007AA  C$trabalho.c$414$1$80              trabalho
C:   000007AA  C$trabalho.c$418$1$81              trabalho
C:   000007AA  G$le_tecla$0$0                     trabalho
C:   000007AA  _le_tecla                          trabalho
C:   000007AC  A$trabalho$3171                    trabalho
C:   000007AD  A$trabalho$3174                    trabalho
C:   000007AD  C$trabalho.c$422$1$81              trabalho
C:   000007AE  A$trabalho$3175                    trabalho
C:   000007B0  A$trabalho$3178                    trabalho
C:   000007B0  C$trabalho.c$424$1$81              trabalho
ASxxxx Linker V03.00 + NoICE + sdld,  page 56.
Hexadecimal  [32-Bits]

Area                                    Addr        Size        Decimal Bytes (Attributes)
--------------------------------        ----        ----        ------- ----- ------------
CSEG                                000000FC    00000F42 =        3906. bytes (REL,CON,CODE)

      Value  Global                              Global Defined In Module
      -----  --------------------------------   ------------------------
C:   000007B2  A$trabalho$3180                    trabalho
C:   000007B5  A$trabalho$3181                    trabalho
C:   000007B7  A$trabalho$3185                    trabalho
C:   000007B7  C$trabalho.c$426$3$83              trabalho
C:   000007B8  A$trabalho$3186                    trabalho
C:   000007B9  A$trabalho$3187                    trabalho
C:   000007BA  A$trabalho$3188                    trabalho
C:   000007BB  A$trabalho$3191                    trabalho
C:   000007BB  C$trabalho.c$427$3$83              trabalho
C:   000007BC  A$trabalho$3192                    trabalho
C:   000007BE  A$trabalho$3196                    trabalho
C:   000007BE  C$trabalho.c$429$2$82              trabalho
C:   000007C0  A$trabalho$3197                    trabalho
C:   000007C2  A$trabalho$3201                    trabalho
C:   000007C2  C$trabalho.c$432$1$81              trabalho
C:   000007C5  A$trabalho$3205                    trabalho
C:   000007C5  C$trabalho.c$433$1$81              trabalho
C:   000007C5  XG$le_tecla$0$0                    trabalho
C:   000007C6  A$trabalho$3216                    trabalho
C:   000007C6  C$trabalho.c$436$1$81              trabalho
C:   000007C6  G$interrupt_tc2$0$0                trabalho
C:   000007C6  _interrupt_tc2                     trabalho
C:   000007C8  A$trabalho$3217                    trabalho
C:   000007CA  A$trabalho$3218                    trabalho
C:   000007CC  A$trabalho$3219                    trabalho
C:   000007CE  A$trabalho$3220                    trabalho
C:   000007D0  A$trabalho$3221                    trabalho
C:   000007D2  A$trabalho$3222                    trabalho
C:   000007D4  A$trabalho$3223                    trabalho
C:   000007D6  A$trabalho$3224                    trabalho
C:   000007D8  A$trabalho$3225                    trabalho
C:   000007DA  A$trabalho$3226                    trabalho
C:   000007DC  A$trabalho$3227                    trabalho
C:   000007DE  A$trabalho$3228                    trabalho
C:   000007E0  A$trabalho$3229                    trabalho
C:   000007E2  A$trabalho$3230                    trabalho
C:   000007E5  A$trabalho$3233                    trabalho
C:   000007E5  C$trabalho.c$438$1$84              trabalho
C:   000007E7  A$trabalho$3234                    trabalho
C:   000007EA  A$trabalho$3235                    trabalho
C:   000007EC  A$trabalho$3236                    trabalho
C:   000007EF  A$trabalho$3239                    trabalho
C:   000007EF  C$trabalho.c$440$2$85              trabalho
C:   000007F0  A$trabalho$3240                    trabalho
C:   000007F2  A$trabalho$3241                    trabalho
C:   000007F4  A$trabalho$3242                    trabalho
C:   000007F6  A$trabalho$3246                    trabalho
C:   000007F6  C$trabalho.c$444$2$86              trabalho
C:   000007F8  A$trabalho$3247                    trabalho
C:   000007FA  A$trabalho$3250                    trabalho
C:   000007FA  C$trabalho.c$446$3$87              trabalho
ASxxxx Linker V03.00 + NoICE + sdld,  page 57.
Hexadecimal  [32-Bits]

Area                                    Addr        Size        Decimal Bytes (Attributes)
--------------------------------        ----        ----        ------- ----- ------------
CSEG                                000000FC    00000F42 =        3906. bytes (REL,CON,CODE)

      Value  Global                              Global Defined In Module
      -----  --------------------------------   ------------------------
C:   000007FC  A$trabalho$3251                    trabalho
C:   000007FF  A$trabalho$3252                    trabalho
C:   00000801  A$trabalho$3255                    trabalho
C:   00000801  C$trabalho.c$448$3$87              trabalho
C:   00000804  A$trabalho$3256                    trabalho
C:   00000806  A$trabalho$3257                    trabalho
C:   00000809  A$trabalho$3258                    trabalho
C:   0000080B  A$trabalho$3259                    trabalho
C:   0000080D  A$trabalho$3260                    trabalho
C:   0000080F  A$trabalho$3263                    trabalho
C:   0000080F  C$trabalho.c$450$4$88              trabalho
C:   00000811  A$trabalho$3266                    trabalho
C:   00000811  C$trabalho.c$451$4$88              trabalho
C:   00000813  A$trabalho$3267                    trabalho
C:   00000814  A$trabalho$3268                    trabalho
C:   00000816  A$trabalho$3269                    trabalho
C:   00000819  A$trabalho$3270                    trabalho
C:   0000081C  A$trabalho$3271                    trabalho
C:   0000081E  A$trabalho$3272                    trabalho
C:   00000820  A$trabalho$3273                    trabalho
C:   00000822  A$trabalho$3277                    trabalho
C:   00000822  C$trabalho.c$454$3$87              trabalho
C:   00000825  A$trabalho$3278                    trabalho
C:   00000827  A$trabalho$3279                    trabalho
C:   0000082A  A$trabalho$3280                    trabalho
C:   0000082C  A$trabalho$3281                    trabalho
C:   0000082E  A$trabalho$3284                    trabalho
C:   0000082E  C$trabalho.c$456$4$89              trabalho
C:   00000830  A$trabalho$3287                    trabalho
C:   00000830  C$trabalho.c$457$4$89              trabalho
C:   00000832  A$trabalho$3288                    trabalho
C:   00000833  A$trabalho$3289                    trabalho
C:   00000835  A$trabalho$3290                    trabalho
C:   00000838  A$trabalho$3291                    trabalho
C:   0000083B  A$trabalho$3292                    trabalho
C:   0000083D  A$trabalho$3293                    trabalho
C:   0000083F  A$trabalho$3297                    trabalho
C:   0000083F  C$trabalho.c$462$1$84              trabalho
C:   00000841  A$trabalho$3298                    trabalho
C:   00000843  A$trabalho$3299                    trabalho
C:   00000845  A$trabalho$3300                    trabalho
C:   00000847  A$trabalho$3301                    trabalho
C:   00000849  A$trabalho$3302                    trabalho
C:   0000084B  A$trabalho$3303                    trabalho
C:   0000084D  A$trabalho$3304                    trabalho
C:   0000084F  A$trabalho$3305                    trabalho
C:   00000851  A$trabalho$3306                    trabalho
C:   00000853  A$trabalho$3307                    trabalho
C:   00000855  A$trabalho$3308                    trabalho
C:   00000857  A$trabalho$3309                    trabalho
C:   00000859  A$trabalho$3310                    trabalho
ASxxxx Linker V03.00 + NoICE + sdld,  page 58.
Hexadecimal  [32-Bits]

Area                                    Addr        Size        Decimal Bytes (Attributes)
--------------------------------        ----        ----        ------- ----- ------------
CSEG                                000000FC    00000F42 =        3906. bytes (REL,CON,CODE)

      Value  Global                              Global Defined In Module
      -----  --------------------------------   ------------------------
C:   0000085B  A$trabalho$3311                    trabalho
C:   0000085D  A$trabalho$3314                    trabalho
C:   0000085D  C$trabalho.c$463$1$84              trabalho
C:   0000085D  XG$interrupt_tc2$0$0               trabalho
C:   0000085E  A$trabalho$3327                    trabalho
C:   0000085E  C$trabalho.c$465$1$84              trabalho
C:   0000085E  C$trabalho.c$467$1$91              trabalho
C:   0000085E  G$Timer4_ISR$0$0                   trabalho
C:   0000085E  _Timer4_ISR                        trabalho
C:   00000861  A$trabalho$3330                    trabalho
C:   00000861  C$trabalho.c$468$1$91              trabalho
C:   00000864  A$trabalho$3333                    trabalho
C:   00000864  C$trabalho.c$469$1$91              trabalho
C:   00000866  A$trabalho$3336                    trabalho
C:   00000866  C$trabalho.c$470$1$91              trabalho
C:   00000866  XG$Timer4_ISR$0$0                  trabalho
C:   00000867  _printf_fast_f                     printf_fast_f
C:   00000CE8  ___fsmul                           _fsmul
C:   00000D8B  fsgetargs                          _fsget2args
C:   00000DB9  fs_rshift_a                        _fsrshift
C:   00000DFC  fs_normalize_a                     _fsnormalize
C:   00000E2F  ___fslt                            _fslt
C:   00000E5F  fs_compare_uint32                  _fscmp
C:   00000E7D  fs_check_negative_zeros            _fscmp
C:   00000EA8  ___sint2fs                         _sint2fs
C:   00000EB5  ___uint2fs                         _uint2fs
C:   00000EC1  fs_round_and_return                _fsreturnval
C:   00000ED9  fs_zerocheck_return                _fsreturnval
C:   00000EE2  fs_return_zero                     _fsreturnval
C:   00000EEA  fs_direct_return                   _fsreturnval
C:   00000EF8  fs_return_inf                      _fsreturnval
C:   00000F05  fs_return_nan                      _fsreturnval
C:   00000F10  ___fsdiv                           _fsdiv
C:   00000FD3  __gptrget                          _gptrget
C:   00000FEF  ___uchar2fs                        _uchar2fs
C:   00000FFA  ___slong2fs                        _slong2fs
C:   00001003  slong2fs_doit                      _slong2fs
C:   00001027  ___ulong2fs                        _ulong2fs
C:   00001030  ulong2fs_doit                      _ulong2fs
C:   0000103A  __sdcc_external_startup            _startup
ASxxxx Linker V03.00 + NoICE + sdld,  page 59.
Hexadecimal  [32-Bits]

Area                                    Addr        Size        Decimal Bytes (Attributes)
--------------------------------        ----        ----        ------- ----- ------------
CONST                               0000103E    00000407 =        1031. bytes (REL,CON,CODE)

      Value  Global                              Global Defined In Module
      -----  --------------------------------   ------------------------
C:   0000103E  G$fonte$0$0                        trabalho
C:   0000103E  _fonte                             trabalho
C:   00001223  Ftrabalho$__str_0$0$0              trabalho
C:   00001237  Ftrabalho$__str_1$0$0              trabalho
C:   0000124B  Ftrabalho$__str_2$0$0              trabalho
C:   0000125B  Ftrabalho$__str_3$0$0              trabalho
ASxxxx Linker V03.00 + NoICE + sdld,  page 60.

Files Linked                              [ module(s) ]

Z:\microcontroladores\trabalho\trabalho.rel
                                          [  ]


Libraries Linked                          [ object file ]

C:\Arquivos de Programas\SDCC\bin\..\lib\small/libsdcc.lib
                                          [ printf_fast_f.rel ]
C:\Arquivos de Programas\SDCC\bin\..\lib\small/libfloat.lib
                                          [ _fsmul.rel ]
C:\Arquivos de Programas\SDCC\bin\..\lib\small/libfloat.lib
                                          [ _fsget2args.rel ]
C:\Arquivos de Programas\SDCC\bin\..\lib\small/mcs51.lib
                                          [ crtclear.rel ]
C:\Arquivos de Programas\SDCC\bin\..\lib\small/libfloat.lib
                                          [ _fsrshift.rel ]
C:\Arquivos de Programas\SDCC\bin\..\lib\small/libfloat.lib
                                          [ _fsnormalize.rel ]
C:\Arquivos de Programas\SDCC\bin\..\lib\small/mcs51.lib
                                          [ crtxinit.rel ]
C:\Arquivos de Programas\SDCC\bin\..\lib\small/libfloat.lib
                                          [ _fslt.rel ]
C:\Arquivos de Programas\SDCC\bin\..\lib\small/mcs51.lib
                                          [ crtxclear.rel ]
C:\Arquivos de Programas\SDCC\bin\..\lib\small/libfloat.lib
                                          [ _fscmp.rel ]
C:\Arquivos de Programas\SDCC\bin\..\lib\small/libfloat.lib
                                          [ _sint2fs.rel ]
C:\Arquivos de Programas\SDCC\bin\..\lib\small/libfloat.lib
                                          [ _uint2fs.rel ]
C:\Arquivos de Programas\SDCC\bin\..\lib\small/libfloat.lib
                                          [ _fsreturnval.rel ]
C:\Arquivos de Programas\SDCC\bin\..\lib\small/libsdcc.lib
                                          [ _bp.rel ]
C:\Arquivos de Programas\SDCC\bin\..\lib\small/libfloat.lib
                                          [ _fsdiv.rel ]
C:\Arquivos de Programas\SDCC\bin\..\lib\small/mcs51.lib
                                          [ crtstart.rel ]
C:\Arquivos de Programas\SDCC\bin\..\lib\small/libsdcc.lib
                                          [ _gptrget.rel ]
C:\Arquivos de Programas\SDCC\bin\..\lib\small/libfloat.lib
                                          [ _uchar2fs.rel ]
C:\Arquivos de Programas\SDCC\bin\..\lib\small/libfloat.lib
                                          [ _slong2fs.rel ]
C:\Arquivos de Programas\SDCC\bin\..\lib\small/libfloat.lib
                                          [ _ulong2fs.rel ]
C:\Arquivos de Programas\SDCC\bin\..\lib\small/libsdcc.lib
                                          [ _startup.rel ]

ASxxxx Linker V03.00 + NoICE + sdld,  page 61.

User Base Address Definitions

HOME = 0x0000
XSEG = 0x0001
PSEG = 0x0001
ISEG = 0x0000
BSEG = 0x0000

